{
  "status": 200,
  "response": {"data": [{"org": 2, "orguser": 4, "component": "billing.{org_id}", "permissions": "crud"}], "errors": {}, "profiling": {"queries": 0}}
}
