{
  "status": 400,
  "response": {"data": [], "errors": {"email": ["This field is required."]}, "profiling": {"queries": 0}}
}
