{
  "status": 200,
  "response": {"data": [{"org_id": 2, "org_name": "test", "email": "invite@localhost", "id": 1, "status": "pending", "slug": "test", "user_name": "", "role" : "admin"}], "errors": {}, "profiling": {"queries": 0}}
}