{"data": [{"username": "user_test", "first_name": "", "last_name": "", "email": "test@localhost"}], "errors": {}, "profiling": {"queries": 0}}
