{
  "status": 400,
  "response":{"data": [], "errors": {"secret": ["Invalid secret"]}, "profiling": {"queries": 0}}
}
