{"data": [], "errors": {"slug": ["This name is reserved and may not be used"]}, "profiling": {"queries": 0}}
