{"data": [], "errors": {"password_confirmation": ["Password confirmation needs to match password"]}, "profiling": {"queries": 0}}
