{"data": [{}], "errors": {}, "profiling": {"queries": 0}}
