{"data": [], "errors": {"non_field_errors": ["Cannot remove yourself from the organization through this endpoint"]}, "profiling": {"queries": 0}}
