{"data": [{"id": 2, "name": "test", "label": "test", "slug": "test", "selected": null, "personal": false, "is_admin": true}], "errors": {}, "profiling": {"queries": 0}}
