{
  "status": 200,
  "response": {"data": [{"email": "unknown@localhost"}], "errors": {}, "profiling": {"queries": 0}}
}
