{
  "status": 400,
  "response": {"data": [], "errors": {"email": ["Enter a valid email address."]}, "profiling": {"queries": 0}}
}
