{
  "status": 200,
  "response": {"data": [{"email": "test@localhost"}], "errors": {}, "profiling": {"queries": 0}} 
}
