{
  "status": 200,
  "response": {"data": [{}], "errors": {}, "profiling": {"queries": 0}}
}
