{
  "status": 400,
  "response": {"data": [], "errors": {"password_new": ["Password needs to be at least 8 characters long"], "password_confirmation": ["Password confirmation needs to match password"]}, "profiling": {"queries": 0}}
}
