{"data": [], "errors": {"username": ["This field is required."]}, "profiling": {"queries": 0}}
