{"data": [{"username": "foobar", "first_name": "foo", "last_name": "bar", "email": "foobar@localhost"}], "errors": {}, "profiling": {"queries": 0}}
