{"data": [], "errors": {"password": ["Incorrect password"]}, "profiling": {"queries": 0}}
